[zcube.in/outstock/outstock/index.html]
[backblue.gif]
[fade.gif]
[index.html]
[zcube.in/outstock/outstock/assets/img/ficon.png]
[zcube.in/outstock/outstock/assets/css/bootstrap-dropdownhover.min.css]
[zcube.in/outstock/outstock/assets/font/css/font-awesome.min.css]
[zcube.in/outstock/outstock/assets/simple-line-icon/css/simple-line-icons.css]
[zcube.in/outstock/outstock/assets/css/animate.min.css]
[zcube.in/outstock/outstock/assets/css/style.css]
[zcube.in/outstock/outstock/assets/css/baguetteBox.css]
[zcube.in/outstock/outstock/assets/owl-carousel/owl.carousel.css]
[zcube.in/outstock/outstock/assets/owl-carousel/owl.theme.css]
[zcube.in/outstock/outstock/assets/images/logo.png]
[zcube.in/outstock/outstock/index-2.html]
[zcube.in/outstock/outstock/index2.html]
[zcube.in/outstock/outstock/index3.html]
[zcube.in/outstock/outstock/index4.html]
[zcube.in/outstock/outstock/list.html]
[zcube.in/outstock/outstock/assets/images/Hover-menu-img.jpg]
[zcube.in/outstock/outstock/blog.html]
[zcube.in/outstock/outstock/blog-columm3-masonry.html]
[zcube.in/outstock/outstock/blog-filter-2-columns.html]
[zcube.in/outstock/outstock/blog-filter-3-columns.html]
[zcube.in/outstock/outstock/contact.html]
[zcube.in/outstock/outstock/gridfull.html]
[zcube.in/outstock/outstock/grid-3-columns.html]
[zcube.in/outstock/outstock/grid-4-columns.html]
[zcube.in/outstock/outstock/grid-sidebar-left.html]
[zcube.in/outstock/outstock/products-detail.html]
[zcube.in/outstock/outstock/products-detail02.html]
[zcube.in/outstock/outstock/assets/images/top-icon1.png]
[zcube.in/outstock/outstock/assets/images/top-icon3.png]
[zcube.in/outstock/outstock/assets/images/Products/13.jpg]
[zcube.in/outstock/outstock/assets/images/Products/11.jpg]
[zcube.in/outstock/outstock/shopping-cart.html]
[zcube.in/outstock/outstock/checkout.html]
[zcube.in/outstock/outstock/assets/images/top-icon2.png]
[zcube.in/outstock/outstock/assets/images/header-1.jpg]
[zcube.in/outstock/outstock/assets/images/header-2.jpg]
[zcube.in/outstock/outstock/assets/images/banner1.jpg]
[zcube.in/outstock/outstock/assets/images/banner3.jpg]
[zcube.in/outstock/outstock/assets/images/Products/26.jpg]
[zcube.in/outstock/outstock/assets/images/Products/17.jpg]
[zcube.in/outstock/outstock/assets/images/Products/7.jpg]
[zcube.in/outstock/outstock/assets/images/Products/6.jpg]
[zcube.in/outstock/outstock/assets/images/bg-banner.jpg]
[zcube.in/outstock/outstock/assets/images/bg-banner2.jpg]
[zcube.in/outstock/outstock/assets/images/client-logo2.png]
[zcube.in/outstock/outstock/assets/images/client-logo3.png]
[zcube.in/outstock/outstock/assets/images/client-logo4.png]
[zcube.in/outstock/outstock/assets/images/client-logo5.png]
[zcube.in/outstock/outstock/assets/images/flogo.png]
[zcube.in/outstock/outstock/assets/images/Products/1.jpg]
[zcube.in/outstock/outstock/assets/images/Products/8.jpg]
[zcube.in/outstock/outstock/assets/images/Products/16.jpg]
[zcube.in/outstock/outstock/assets/js/jquery.js]
[zcube.in/outstock/outstock/assets/js/bootstrap.min.js]
[zcube.in/outstock/outstock/assets/js/jquery.easing.min.js]
[zcube.in/outstock/outstock/assets/js/custom.js]
[zcube.in/outstock/outstock/index.html]
[zcube.in/outstock/outstock/assets/css/bootstrap-dropdownhover.min.css]
[zcube.in/outstock/outstock/assets/font/fonts/fontawesome-webfont3295.eot]
[zcube.in/outstock/outstock/assets/css/bootstrap.min.css]
[zcube.in/outstock/outstock/assets/owl-carousel/owl.carousel.js]
[zcube.in/outstock/outstock/assets/font/fonts/fontawesome-webfontd41d.eot]
[zcube.in/outstock/outstock/assets/font/fonts/fontawesome-webfont3295.woff]
[zcube.in/outstock/outstock/assets/font/fonts/fontawesome-webfont3295.ttf]
[zcube.in/outstock/outstock/assets/font/fonts/fontawesome-webfont3295.woff2]
[zcube.in/outstock/outstock/assets/font/css/font-awesome.min.css]
[zcube.in/outstock/outstock/assets/simple-line-icon/fonts/Simple-Line-Iconsb26c.eot]
[zcube.in/outstock/outstock/assets/simple-line-icon/fonts/Simple-Line-Iconsb26c.ttf]
[zcube.in/outstock/outstock/assets/simple-line-icon/fonts/Simple-Line-Iconsb26c.woff2]
[zcube.in/outstock/outstock/assets/simple-line-icon/fonts/Simple-Line-Iconsb26c.woff]
[zcube.in/outstock/outstock/assets/simple-line-icon/css/simple-line-icons.css]
[zcube.in/outstock/outstock/assets/css/animate.min.css]
[zcube.in/outstock/outstock/assets/images/loader.gif]
[zcube.in/outstock/outstock/assets/images/popup-bg.jpg]
[zcube.in/outstock/outstock/assets/images/blog-header.jpg]
[zcube.in/outstock/outstock/assets/images/burse-bg.57.delayed]
[zcube.in/outstock/outstock/assets/images/left-arrow.png]
[zcube.in/outstock/outstock/assets/images/right-arrow.png]
[zcube.in/outstock/outstock/assets/img/finanbox-page-title.5a.delayed]
[zcube.in/outstock/outstock/assets/images/inside-banner.jpg]
[zcube.in/outstock/outstock/assets/images/sale-strap.png]
[zcube.in/outstock/outstock/assets/images/liftstyle-bg.5e.delayed]
[zcube.in/outstock/outstock/assets/images/back-bg.jpg]
[zcube.in/outstock/outstock/assets/images/testimonials-bg.jpg]
[zcube.in/outstock/outstock/assets/images/contact-shadow.62.delayed]
[zcube.in/outstock/outstock/assets/css/style.css]
[zcube.in/outstock/outstock/assets/css/baguetteBox.css]
[zcube.in/outstock/outstock/assets/owl-carousel/grabbing.png]
[zcube.in/outstock/outstock/assets/owl-carousel/owl.carousel.css]
[zcube.in/outstock/outstock/assets/owl-carousel/AjaxLoader.gif]
[zcube.in/outstock/outstock/assets/owl-carousel/owl.theme.css]
[zcube.in/outstock/outstock/index-2.html]
[zcube.in/outstock/outstock/index5.html]
[zcube.in/outstock/outstock/index6.html]
[zcube.in/outstock/outstock/assets/images/home2-header.jpg]
[zcube.in/outstock/outstock/assets/images/home2-header2.jpg]
[zcube.in/outstock/outstock/assets/images/creative-product-img.jpg]
[zcube.in/outstock/outstock/assets/images/Products/2.jpg]
[zcube.in/outstock/outstock/assets/images/Products/3.jpg]
[zcube.in/outstock/outstock/assets/images/Products/4.jpg]
[zcube.in/outstock/outstock/assets/images/Products/5.jpg]
[zcube.in/outstock/outstock/assets/images/Products/9.jpg]
[zcube.in/outstock/outstock/assets/images/Products/10.jpg]
[zcube.in/outstock/outstock/assets/images/Products/12.jpg]
[zcube.in/outstock/outstock/index2.html]
[zcube.in/outstock/outstock/assets/images/creative-product-img03.jpg]
[zcube.in/outstock/outstock/assets/images/creative-product-img02.jpg]
[zcube.in/outstock/outstock/assets/images/test-img1.jpg]
[zcube.in/outstock/outstock/index3.html]
[zcube.in/outstock/outstock/assets/images/home4-header.jpg]
[zcube.in/outstock/outstock/index4.html]
[zcube.in/outstock/outstock/assets/css/slider.css]
[zcube.in/outstock/outstock/assets/images/Products/14.jpg]
[zcube.in/outstock/outstock/assets/images/Products/15.jpg]
[zcube.in/outstock/outstock/assets/images/Products/fashion/16.78.delayed]
[zcube.in/outstock/outstock/assets/images/Products/fashion/11.jpg]
[zcube.in/outstock/outstock/assets/images/Products/fashion/8.jpg]
[zcube.in/outstock/outstock/assets/js/filter-price.js]
[zcube.in/outstock/outstock/list.html]
[zcube.in/outstock/outstock/assets/images/search-icon.png]
[zcube.in/outstock/outstock/assets/images/blog-img01.jpg]
[zcube.in/outstock/outstock/assets/images/blog-img02.jpg]
[zcube.in/outstock/outstock/assets/images/blog-img03.jpg]
[zcube.in/outstock/outstock/assets/images/blog-img04.jpg]
[zcube.in/outstock/outstock/assets/images/blog-img05.jpg]
[zcube.in/outstock/outstock/assets/images/blog-img06.jpg]
[zcube.in/outstock/outstock/assets/images/recent-comment-img.jpg]
[zcube.in/outstock/outstock/assets/js/incrementing.js]
[zcube.in/outstock/outstock/blog.html]
[zcube.in/outstock/outstock/assets/images/blog-masonry01.jpg]
[zcube.in/outstock/outstock/assets/images/blog-masonry02.jpg]
[zcube.in/outstock/outstock/assets/images/blog-masonry03.jpg]
[zcube.in/outstock/outstock/assets/images/blog-masonry04.jpg]
[zcube.in/outstock/outstock/assets/images/blog-masonry05.jpg]
[zcube.in/outstock/outstock/assets/images/blog-masonry06.jpg]
[zcube.in/outstock/outstock/assets/images/blog-masonry07.jpg]
[zcube.in/outstock/outstock/assets/images/blog-masonry08.jpg]
[zcube.in/outstock/outstock/blog-columm3-masonry.html]
[zcube.in/outstock/outstock/assets/js/controls.js]
[zcube.in/outstock/outstock/blog-filter-2-columns.html]
[zcube.in/outstock/outstock/blog-filter-3-columns.html]
[zcube.in/outstock/outstock/blog-details.html]
[zcube.in/outstock/outstock/assets/js/jquery.filterizr.js]
[zcube.in/outstock/outstock/assets/images/contact-icon1.jpg]
[zcube.in/outstock/outstock/assets/images/contact-icon2.jpg]
[zcube.in/outstock/outstock/assets/images/contact-icon3.jpg]
[zcube.in/outstock/outstock/assets/images/contact-map.jpg]
[zcube.in/outstock/outstock/contact.html]
[zcube.in/outstock/outstock/gridfull.html]
[zcube.in/outstock/outstock/grid-3-columns.html]
[zcube.in/outstock/outstock/grid-4-columns.html]
[zcube.in/outstock/outstock/grid-sidebar-left.html]
[zcube.in/outstock/outstock/products-detail.html]
[zcube.in/outstock/outstock/products-detail02.html]
[zcube.in/outstock/outstock/assets/images/cart-img1.jpg]
[zcube.in/outstock/outstock/assets/images/cart-img2.jpg]
[zcube.in/outstock/outstock/shopping-cart.html]
[zcube.in/outstock/outstock/checkout.html]
[zcube.in/outstock/outstock/assets/images/banner2.jpg]
[zcube.in/outstock/outstock/assets/images/Products/21.jpg]
[zcube.in/outstock/outstock/assets/images/Products/22.jpg]
[zcube.in/outstock/outstock/assets/images/client-logo1.png]
[zcube.in/outstock/outstock/assets/images/blog-img2.jpg]
[zcube.in/outstock/outstock/images/modal-background.jpg]
[zcube.in/outstock/outstock/assets/js/wow.min.js]
[zcube.in/outstock/outstock/assets/fonts/glyphicons-halflings-regular.eot]
[zcube.in/outstock/outstock/assets/fonts/glyphicons-halflings-regulard41d.eot]
[zcube.in/outstock/outstock/assets/fonts/glyphicons-halflings-regular.woff2]
[zcube.in/outstock/outstock/assets/fonts/glyphicons-halflings-regular.woff]
[zcube.in/outstock/outstock/assets/fonts/glyphicons-halflings-regular.ttf]
[zcube.in/outstock/outstock/assets/fonts/glyphicons-halflings-regular.svg]
[zcube.in/outstock/outstock/assets/css/bootstrap.min.css]
[zcube.in/outstock/outstock/assets/font/fonts/fontawesome-webfont3295.svg]
[zcube.in/outstock/outstock/assets/simple-line-icon/fonts/Simple-Line-Iconsb26c.svg]
[zcube.in/outstock/outstock/assets/images/burse-bg.html]
[zcube.in/outstock/outstock/assets/images/left-arrow.html]
[zcube.in/outstock/outstock/assets/img/finanbox-page-title.html]
[zcube.in/outstock/outstock/assets/images/liftstyle-bg.html]
[zcube.in/outstock/outstock/assets/images/back-bg.html]
[zcube.in/outstock/outstock/assets/images/qoute-icon.png]
[zcube.in/outstock/outstock/assets/images/sale-strep2.png]
[zcube.in/outstock/outstock/assets/images/contact-shadow.html]
[zcube.in/outstock/outstock/index5.html]
[zcube.in/outstock/outstock/index6.html]
[zcube.in/outstock/outstock/assets/css/slider.css]
[zcube.in/outstock/outstock/assets/images/Products/fashion/16.html]
[zcube.in/outstock/outstock/assets/images/Products/fashion/11.html]
[zcube.in/outstock/outstock/assets/images/Products/fashion/8.html]
[zcube.in/outstock/outstock/assets/images/blog-post-large.jpg]
[zcube.in/outstock/outstock/assets/images/contact-bg.jpg]
[zcube.in/outstock/outstock/assets/images/comment-img1.jpg]
[zcube.in/outstock/outstock/assets/images/reply-icon.jpg]
[zcube.in/outstock/outstock/assets/images/comment-img2.jpg]
[zcube.in/outstock/outstock/blog-details.html]
[zcube.in/outstock/outstock/assets/images/Products/19.jpg]
[zcube.in/outstock/outstock/assets/images/blog-img1.jpg]
[zcube.in/outstock/outstock/assets/images/header-3.jpg]
[zcube.in/outstock/outstock/assets/images/Products/24.jpg]
[zcube.in/outstock/outstock/images/modal-background.jpg]
[zcube.in/outstock/outstock/assets/js/bootstrap-dropdownhover.min.js]
[zcube.in/outstock/outstock/assets/fonts/glyphicons-halflings-regular.html]
[zcube.in/outstock/outstock/assets/fonts/glyphicons-halflings-regulard41d.html]
[zcube.in/outstock/outstock/assets/fonts/glyphicons-halflings-regular-2.html]
[zcube.in/outstock/outstock/assets/fonts/glyphicons-halflings-regular-3.html]
[zcube.in/outstock/outstock/assets/fonts/glyphicons-halflings-regular-4.html]
[zcube.in/outstock/outstock/assets/fonts/glyphicons-halflings-regular-5.html]
[zcube.in/outstock/outstock/assets/images/contact-bg.jpg]
[zcube.in/outstock/outstock/assets/images/blog-post-02.jpg]
[zcube.in/outstock/outstock/assets/images/blog-img3.jpg]
